Microchip MPLAB XC8 Compiler V2.45

Linker command line:

-W-3 --edf=/opt/microchip/xc8/v2.45/pic/dat/20230818022343_en.msgs -cn \
  -h+dist/default/production/Analog_to_Digital_Conversion.production.sym \
  --cmf=dist/default/production/Analog_to_Digital_Conversion.production.cmf \
  -z -Q16F877A -o/tmp/xcXAmFFCj/driver_tmp_3.o --defsym=__MPLAB_BUILD=1 \
  --fixupoverflow=error \
  -Mdist/default/production/Analog_to_Digital_Conversion.production.map \
  --md=/tmp/xcXAmFFCj/driver_tmp_0.dat -E1 -ver=XC8 Compiler --acfsm=1493 \
  -ACODE=00h-07FFhx4 -ASTRCODE=00h-01FFFh -ASTRING=00h-0FFhx32 \
  -ACONST=00h-0FFhx32 -AENTRY=00h-0FFhx32 -ACOMMON=070h-07Fh \
  -ABANK0=020h-06Fh -ABANK1=0A0h-0EFh -ABANK2=0110h-016Fh \
  -ABANK3=0190h-01EFh -ARAM=020h-06Fh,0A0h-0EFh,0110h-016Fh,0190h-01EFh \
  -AABS1=020h-07Fh,0A0h-0EFh,0110h-016Fh,0190h-01EFh -ASFR0=00h-01Fh \
  -ASFR1=080h-09Fh -ASFR2=0100h-010Fh -ASFR3=0180h-018Fh \
  -ACONFIG=02007h-02007h -DCONFIG=2 -AIDLOC=02000h-02003h -DIDLOC=2 \
  -AEEDATA=00h-0FFh/02100h -peeprom_data=EEDATA -DEEDATA=2 -DCODE=2 \
  -DSTRCODE=2 -DSTRING=2 -DCONST=2 -DENTRY=2 \
  -preset_vec=00h,intentry,init,end_init -ppowerup=CODE -pcinit=CODE \
  -pfunctab=ENTRY -k /tmp/xcXAmFFCj/driver_tmp_12.o \
  dist/default/production/Analog_to_Digital_Conversion.production.o 

Object code version is 3.11

Machine type is 16F877A



                Name                               Link     Load   Length Selector   Space Scale
/tmp/xcXAmFFCj/driver_tmp_12.o
                end_init                              0        0        3        0       0
                config                             2007     2007        1        0       4
                idloc                              2000     2000        4        0       5
dist/default/production/Analog_to_Digital_Conversion.production.o
                cinit                               7F8      7F8        8      FF0       0
                config                             2007     2007        1        0       4
                idloc                              2000     2000        4        0       5
                text12                              C45      C45       28     188A       0
                text11                              C6D      C6D       71     18DA       0
                text10                              C01      C01        E     1802       0
                text9                               C0F      C0F        F     181E       0
                text8                                88       88      1D3      110       0
                text7                               C1E      C1E       27     183C       0
                text6                               4B3      4B3      345      966       0
                text5                                10       10       78       20       0
                text4                               D7F      D7F       BA     1AFE       0
                text3                               EFE      EFE      102     1DFC       0
                text2                               25B      25B      258      4B6       0
                text1                               E39      E39       C5     1C72       0
                maintext                            CDE      CDE       A1     19BC       0
                cstackBANK0                          20       20       50       20       1
                cstackCOMMON                         70       70        E       70       1
                cstackBANK1                          A0       A0        F       A0       1
                bssBANK1                             B7       B7        2       A0       1
                nvBANK1                              AF       AF        8       A0       1

TOTAL           Name                               Link     Load   Length     Space
        CLASS   CODE           
                end_init                              0        0        3         0
                cinit                               7F8      7F8        8         0
                text12                              C45      C45       28         0
                text11                              C6D      C6D       71         0
                text10                              C01      C01        E         0
                text9                               C0F      C0F        F         0
                text8                                88       88      1D3         0
                text7                               C1E      C1E       27         0
                text6                               4B3      4B3      345         0
                text5                                10       10       78         0
                text4                               D7F      D7F       BA         0
                text3                               EFE      EFE      102         0
                text2                               25B      25B      258         0
                text1                               E39      E39       C5         0
                maintext                            CDE      CDE       A1         0

        CLASS   STRCODE        

        CLASS   STRING         

        CLASS   CONST          

        CLASS   ENTRY          

        CLASS   COMMON         
                cstackCOMMON                         70       70        E         1

        CLASS   BANK0          
                cstackBANK0                          20       20       50         1

        CLASS   BANK1          
                cstackBANK1                          A0       A0        F         1
                bssBANK1                             B7       B7        2         1
                nvBANK1                              AF       AF        8         1

        CLASS   BANK2          

        CLASS   BANK3          

        CLASS   RAM            

        CLASS   ABS1           
                abs_s1                               7E       7E        2         1

        CLASS   SFR0           

        CLASS   SFR1           

        CLASS   SFR2           

        CLASS   SFR3           

        CLASS   CONFIG         
                config                             2007     2007        1         4

        CLASS   IDLOC          
                idloc                              2000     2000        4         5

        CLASS   EEDATA         

        CLASS   HEAP           

        CLASS   STACK          



SEGMENTS        Name                           Load    Length   Top    Selector   Space  Class     Delta

                text5                          000010  000078  000088        20       0  CODE        2
                text4                          000D7F  0000BA  000E39      1AFE       0  CODE        2
                maintext                       000CDE  0000A1  000D7F      19BC       0  CODE        2
                reset_vec                      000000  000003  000003         0       0  CODE        2
                text11                         000C6D  000071  000CDE      18DA       0  CODE        2
                text1                          000E39  0000C5  000EFE      1C72       0  CODE        2
                text3                          000EFE  000102  001000      1DFC       0  CODE        2
                text9                          000C0F  00000F  000C1E      181E       0  CODE        2
                text10                         000C01  00000E  000C0F      1802       0  CODE        2
                text7                          000C1E  000027  000C45      183C       0  CODE        2
                text12                         000C45  000028  000C6D      188A       0  CODE        2
                text8                          000088  0001D3  00025B       110       0  CODE        2
                cstackBANK1                    0000A0  000019  0000B9        A0       1  BANK1       1
                cstackBANK0                    000020  000050  000070        20       1  BANK0       1
                cinit                          0007F8  000008  000800       FF0       0  CODE        2
                cstackCOMMON                   000070  00000E  00007E        70       1  COMMON      1
                text2                          00025B  000258  0004B3       4B6       0  CODE        2
                text6                          0004B3  000345  0007F8       966       0  CODE        2


UNUSED ADDRESS RANGES

        Name                Unused          Largest block    Delta
        BANK1            00B9-00EF             37           1
        BANK2            0110-016F             60           1
        BANK3            0190-01EF             60           1
        CODE             0003-000F              D           2
                         0800-0C00            401
                         1000-1FFF            800
        CONST            0003-000F              D           2
                         0800-0C00            100
                         1000-1FFF            100
        EEDATA           2100-21FF            100           2
        ENTRY            0003-000F              D           2
                         0800-0C00            100
                         1000-1FFF            100
        RAM              00B9-00EF             37           1
                         0110-016F             60
                         0190-01EF             60
        SFR0             0000-001F             20           1
        SFR1             0080-009F             20           1
        SFR2             0100-010F             10           1
        SFR3             0180-018F             10           1
        STRCODE          0003-000F              D           2
                         0800-0C00            401
                         1000-1FFF           1000
        STRING           0003-000F              D           2
                         0800-0C00            100
                         1000-1FFF            100

                                  Symbol Table

?__Umul8_16                  cstackCOMMON 0070
?___adc_read                 cstackCOMMON 0070
?___awdiv                    cstackBANK1  00A0
?___fladd                    cstackBANK0  004F
?___fldiv                    cstackBANK0  0035
?___flmul                    cstackBANK0  0020
?___fltol                    cstackBANK0  0063
?___xxtofl                   cstackCOMMON 0076
_ADCON0bits                  (abs)        001F
_ADCON1bits                  (abs)        009F
_ADRESH                      (abs)        001E
_ADRESL                      (abs)        009E
_CCP1CONbits                 (abs)        0017
_CCPR1L                      (abs)        0015
_PR2                         (abs)        0092
_PWM_FREQ                    nvBANK1      00B3
_PWM_PERIOD                  nvBANK1      00AF
_T2CONbits                   (abs)        0012
_TRISCbits                   (abs)        0087
__H__absolute__              __absolute__ 0000
__Habs1                      abs1         0000
__Hbank0                     bank0        0000
__Hbank1                     bank1        0000
__Hbank2                     bank2        0000
__Hbank3                     bank3        0000
__HbssBANK1                  bssBANK1     0000
__Hcinit                     cinit        0800
__Hclrtext                   clrtext      0000
__Hcode                      code         0000
__Hcommon                    common       0000
__Hconfig                    config       2008
__HcstackBANK0               cstackBANK0  0000
__HcstackBANK1               cstackBANK1  0000
__HcstackCOMMON              cstackCOMMON 0000
__Heeprom_data               eeprom_data  0000
__Hend_init                  end_init     0003
__Hfunctab                   functab      0000
__Hheap                      heap         0000
__Hidloc                     idloc        2004
__Hinit                      init         0000
__Hintentry                  intentry     0000
__Hmaintext                  maintext     0000
__HnvBANK1                   nvBANK1      0000
__Hpowerup                   powerup      0000
__Hram                       ram          0000
__Hreset_vec                 reset_vec    0000
__Hsfr0                      sfr0         0000
__Hsfr1                      sfr1         0000
__Hsfr2                      sfr2         0000
__Hsfr3                      sfr3         0000
__Hspace_0                   (abs)        1000
__Hspace_1                   (abs)        00B9
__Hspace_2                   (abs)        0000
__Hspace_3                   (abs)        0000
__Hspace_4                   (abs)        400F
__Hstack                     stack        0000
__Hstrings                   strings      0000
__Htext                      text         0000
__L__absolute__              __absolute__ 0000
__Labs1                      abs1         0000
__Lbank0                     bank0        0000
__Lbank1                     bank1        0000
__Lbank2                     bank2        0000
__Lbank3                     bank3        0000
__LbssBANK1                  bssBANK1     0000
__Lcinit                     cinit        07F8
__Lclrtext                   clrtext      0000
__Lcode                      code         0000
__Lcommon                    common       0000
__Lconfig                    config       0000
__LcstackBANK0               cstackBANK0  0000
__LcstackBANK1               cstackBANK1  0000
__LcstackCOMMON              cstackCOMMON 0000
__Leeprom_data               eeprom_data  0000
__Lend_init                  end_init     0000
__Lfunctab                   functab      0000
__Lheap                      heap         0000
__Lidloc                     idloc        0000
__Linit                      init         0000
__Lintentry                  intentry     0000
__Lmaintext                  maintext     0000
__LnvBANK1                   nvBANK1      0000
__Lpowerup                   powerup      0000
__Lram                       ram          0000
__Lreset_vec                 reset_vec    0000
__Lsfr0                      sfr0         0000
__Lsfr1                      sfr1         0000
__Lsfr2                      sfr2         0000
__Lsfr3                      sfr3         0000
__Lspace_0                   (abs)        0000
__Lspace_1                   (abs)        0000
__Lspace_2                   (abs)        0000
__Lspace_3                   (abs)        0000
__Lspace_4                   (abs)        0000
__Lstack                     stack        0000
__Lstrings                   strings      0000
__Ltext                      text         0000
__S0                         (abs)        1000
__S1                         (abs)        00B9
__S3                         (abs)        0000
__Umul8_16                   text7        0C1E
__Umul8_16@multiplicand      cstackCOMMON 0070
__Umul8_16@multiplier        cstackCOMMON 0078
__Umul8_16@product           cstackCOMMON 0074
__Umul8_16@word_mpld         cstackCOMMON 0076
___adc_read                  text12       0C45
___adc_read@adc_channel      cstackCOMMON 0070
___adc_read@adc_value        cstackCOMMON 0074
___awdiv                     text11       0C6D
___awdiv@counter             cstackBANK1  00A4
___awdiv@dividend            cstackBANK1  00A2
___awdiv@divisor             cstackBANK1  00A0
___awdiv@quotient            cstackBANK1  00A6
___awdiv@sign                cstackBANK1  00A5
___fladd                     text2        025B
___fladd@a                   cstackBANK0  0053
___fladd@aexp                cstackBANK0  0060
___fladd@b                   cstackBANK0  004F
___fladd@bexp                cstackBANK0  0061
___fladd@grs                 cstackBANK0  0062
___fladd@signs               cstackBANK0  005F
___fldiv                     text8        0088
___fldiv@a                   cstackBANK0  0035
___fldiv@aexp                cstackBANK0  004E
___fldiv@b                   cstackBANK0  0039
___fldiv@bexp                cstackBANK0  004D
___fldiv@grs                 cstackBANK0  0049
___fldiv@new_exp             cstackBANK0  0047
___fldiv@rem                 cstackBANK0  0042
___fldiv@sign                cstackBANK0  0046
___flmul                     text6        04B3
___flmul@a                   cstackBANK0  0024
___flmul@aexp                cstackBANK0  002D
___flmul@b                   cstackBANK0  0020
___flmul@bexp                cstackBANK0  002E
___flmul@grs                 cstackBANK0  0029
___flmul@prod                cstackBANK0  002F
___flmul@sign                cstackBANK0  0028
___flmul@temp                cstackBANK0  0033
___fltol                     text5        0010
___fltol@exp1                cstackBANK0  006C
___fltol@f1                  cstackBANK0  0063
___fltol@sign1               cstackBANK0  006B
___heap_hi                   (abs)        0000
___heap_lo                   (abs)        0000
___init_adc                  text10       0C01
___init_pwm                  text9        0C0F
___int_sp                    stack        0000
___int_stack_hi              stack        0000
___int_stack_lo              stack        0000
___latbits                   (abs)        0002
___set_duty_cycle            text3        0EFE
___set_duty_cycle@dc         cstackBANK1  00A0
___set_duty_cycle@dc_period  cstackBANK1  00A4
___set_duty_cycle@duty_cycle cstackBANK0  006D
___set_duty_cycle@reg_value  cstackBANK1  00A8
___set_pwm_freq              text1        0E39
___set_pwm_freq@PR2_value    cstackBANK1  00A0
___set_pwm_freq@f            cstackBANK0  006D
___sp                        stack        0000
___stack_hi                  stack        0000
___stack_lo                  stack        0000
___stackhi                   (abs)        0000
___stacklo                   (abs)        0000
___xxtofl                    text4        0D7F
___xxtofl@arg                cstackBANK0  0022
___xxtofl@exp                cstackBANK0  0021
___xxtofl@sign               cstackBANK0  0020
___xxtofl@val                cstackCOMMON 0076
__end_of__Umul8_16           text7        0C45
__end_of___adc_read          text12       0C6D
__end_of___awdiv             text11       0CDE
__end_of___fladd             text2        04B3
__end_of___fldiv             text8        025B
__end_of___flmul             text6        07F8
__end_of___fltol             text5        0088
__end_of___init_adc          text10       0C0F
__end_of___init_pwm          text9        0C1E
__end_of___set_duty_cycle    text3        1000
__end_of___set_pwm_freq      text1        0EFE
__end_of___xxtofl            text4        0E39
__end_of__initialization     cinit        07FC
__end_of_main                maintext     0D7F
__initialization             cinit        07F8
__pbssBANK1                  bssBANK1     00B7
__pcstackBANK0               cstackBANK0  0020
__pcstackBANK1               cstackBANK1  00A0
__pcstackCOMMON              cstackCOMMON 0070
__pmaintext                  maintext     0CDE
__pnvBANK1                   nvBANK1      00AF
__ptext1                     text1        0E39
__ptext10                    text10       0C01
__ptext11                    text11       0C6D
__ptext12                    text12       0C45
__ptext2                     text2        025B
__ptext3                     text3        0EFE
__ptext4                     text4        0D7F
__ptext5                     text5        0010
__ptext6                     text6        04B3
__ptext7                     text7        0C1E
__ptext8                     text8        0088
__ptext9                     text9        0C0F
_main                        maintext     0CDE
btemp                        (abs)        007E
end_of_initialization        cinit        07FC
intlevel0                    functab      0000
intlevel1                    functab      0000
intlevel2                    functab      0000
intlevel3                    functab      0000
intlevel4                    functab      0000
intlevel5                    functab      0000
main@adc_value               cstackBANK1  00A9
main@pwm_value               cstackBANK1  00AD
reset_vec                    reset_vec    0000
start                        init         0000
start_initialization         cinit        07F8
wtemp0                       (abs)        007E


MODULE INFORMATION

Module		Function		Class		Link	Load	Size
/opt/microchip/xc8/v2.45/pic/sources/c99/common/sprcadd.c
		___fladd       		CODE           	025B	0000	600

/opt/microchip/xc8/v2.45/pic/sources/c99/common/sprcadd.c estimated size: 600

/opt/microchip/xc8/v2.45/pic/sources/c99/common/awdiv.c
		___awdiv       		CODE           	0C6D	0000	113

/opt/microchip/xc8/v2.45/pic/sources/c99/common/awdiv.c estimated size: 113

/opt/microchip/xc8/v2.45/pic/sources/c99/common/fltol.c
		___fltol       		CODE           	0010	0000	120

/opt/microchip/xc8/v2.45/pic/sources/c99/common/fltol.c estimated size: 120

/opt/microchip/xc8/v2.45/pic/sources/c99/common/Umul8_16.c
		__Umul8_16     		CODE           	0C1E	0000	39

/opt/microchip/xc8/v2.45/pic/sources/c99/common/Umul8_16.c estimated size: 39

shared
		__initialization		CODE           	07F8	0000	4

shared estimated size: 4

/opt/microchip/xc8/v2.45/pic/sources/c99/common/sprcmul.c
		___flmul       		CODE           	04B3	0000	837

/opt/microchip/xc8/v2.45/pic/sources/c99/common/sprcmul.c estimated size: 837

/opt/microchip/xc8/v2.45/pic/sources/c99/common/sprcdiv.c
		___fldiv       		CODE           	0088	0000	467

/opt/microchip/xc8/v2.45/pic/sources/c99/common/sprcdiv.c estimated size: 467

main.c
		___adc_read    		CODE           	0C45	0000	40
		_main          		CODE           	0CDE	0000	161
		___set_duty_cycle		CODE           	0EFE	0000	258
		___init_adc    		CODE           	0C01	0000	14
		___init_pwm    		CODE           	0C0F	0000	15
		___set_pwm_freq		CODE           	0E39	0000	197

main.c estimated size: 685

/opt/microchip/xc8/v2.45/pic/sources/c99/common/xxtofl.c
		___xxtofl      		CODE           	0D7F	0000	186

/opt/microchip/xc8/v2.45/pic/sources/c99/common/xxtofl.c estimated size: 186

