Microchip MPLAB XC8 Compiler V2.05 ()

Linker command line:

-W-3 --edf=C:\Program Files (x86)\Microchip\xc8\v2.05\pic\dat\en_msgs.txt \
  -cs -h+dist/default/production\ADC.X.production.sym \
  --cmf=dist/default/production\ADC.X.production.cmf -z -Q16F877A \
  -oC:\Users\atick\AppData\Local\Temp\sbrc.2 --defsym=__MPLAB_BUILD=1 \
  -Mdist/default/production/ADC.X.production.map -E1 -ver=XC8 --acfsm=1493 \
  -ASTACK=0110h-016Fh -pstack=STACK -ACODE=00h-07FFhx4 -ASTRCODE=00h-01FFFh \
  -ASTRING=00h-0FFhx32 -ACONST=00h-0FFhx32 -AENTRY=00h-0FFhx32 \
  -ACOMMON=070h-07Fh -ABANK0=020h-06Fh -ABANK1=0A0h-0EFh \
  -ABANK2=0110h-016Fh -ABANK3=0190h-01EFh \
  -ARAM=020h-06Fh,0A0h-0EFh,0110h-016Fh,0190h-01EFh \
  -AABS1=020h-07Fh,0A0h-0EFh,0110h-016Fh,0190h-01EFh -ASFR0=00h-01Fh \
  -ASFR1=080h-09Fh -ASFR2=0100h-010Fh -ASFR3=0180h-018Fh \
  -preset_vec=00h,intentry,init,end_init -ppowerup=CODE -pcinit=CODE \
  -pfunctab=ENTRY -ACONFIG=02007h-02007h -pconfig=CONFIG -DCONFIG=2 \
  -AIDLOC=02000h-02003h -pidloc=IDLOC -DIDLOC=2 -AEEDATA=00h-0FFh/02100h \
  -peeprom_data=EEDATA -DEEDATA=2 -DCODE=2 -DSTRCODE=2 -DSTRING=2 -DCONST=2 \
  -DENTRY=2 -k C:\Users\atick\AppData\Local\Temp\sbrc.o \
  dist/default/production\ADC.X.production.o 

Object code version is 3.11

Machine type is 16F877A



                Name                               Link     Load   Length Selector   Space Scale
C:\Users\atick\AppData\Local\Temp\sbrc.o
                end_init                              0        0        3        0       0
                config                             2007     2007        1     400E       0
dist/default/production\ADC.X.production.o
                cinit                               7F8      7F8        8      FF0       0
                text11                               28       28       26       50       0
                text10                              D19      D19        E     1A32       0
                text9                               D27      D27        F     1A4E       0
                text8                               111      111      1A3      222       0
                text7                                 5        5       23        A       0
                text6                               4E3      4E3      315      9C6       0
                text5                               D36      D36       6D     1A6C       0
                text4                               DA3      DA3       A5     1B46       0
                text3                               EEE      EEE      112     1DDC       0
                text2                               2B4      2B4      22F      568       0
                text1                                4E       4E       C3       9C       0
                maintext                            E48      E48       A6     1C90       0
                cstackBANK0                          20       20       50       20       1
                cstackCOMMON                         70       70        E       70       1
                cstackBANK1                          A0       A0       12       A0       1
                bssBANK1                             BA       BA        2       A0       1
                nvBANK1                              B2       B2        8       A0       1

TOTAL           Name                               Link     Load   Length     Space
        CLASS   STACK          

        CLASS   CODE           
                end_init                              0        0        3         0
                cinit                               7F8      7F8        8         0
                text11                               28       28       26         0
                text10                              D19      D19        E         0
                text9                               D27      D27        F         0
                text8                               111      111      1A3         0
                text7                                 5        5       23         0
                text6                               4E3      4E3      315         0
                text5                               D36      D36       6D         0
                text4                               DA3      DA3       A5         0
                text3                               EEE      EEE      112         0
                text2                               2B4      2B4      22F         0
                text1                                4E       4E       C3         0
                maintext                            E48      E48       A6         0

        CLASS   STRCODE        

        CLASS   STRING         

        CLASS   CONST          

        CLASS   ENTRY          

        CLASS   COMMON         
                cstackCOMMON                         70       70        E         1

        CLASS   BANK0          
                cstackBANK0                          20       20       50         1

        CLASS   BANK1          
                cstackBANK1                          A0       A0       12         1
                bssBANK1                             BA       BA        2         1
                nvBANK1                              B2       B2        8         1

        CLASS   BANK2          

        CLASS   BANK3          

        CLASS   RAM            

        CLASS   ABS1           
                abs_s1                               7E       7E        2         1

        CLASS   SFR0           

        CLASS   SFR1           

        CLASS   SFR2           

        CLASS   SFR3           

        CLASS   CONFIG         
                config                             2007     2007        1         0

        CLASS   IDLOC          

        CLASS   EEDATA         



SEGMENTS        Name                           Load    Length   Top    Selector   Space  Class     Delta

                reset_vec                      000000  000003  000003         0       0  CODE        2
                text7                          000005  000023  000028         A       0  CODE        2
                cstackBANK0                    000020  000050  000070        20       1  BANK0       1
                text11                         000028  000026  00004E        50       0  CODE        2
                cstackCOMMON                   000070  00000E  00007E        70       1  COMMON      1
                text1                          00004E  0000C3  000111        9C       0  CODE        2
                cstackBANK1                    0000A0  00001C  0000BC        A0       1  BANK1       1
                text8                          000111  0001A3  0002B4       222       0  CODE        2
                text2                          0002B4  00022F  0004E3       568       0  CODE        2
                text6                          0004E3  000315  0007F8       9C6       0  CODE        2
                cinit                          0007F8  000008  000800       FF0       0  CODE        2
                text10                         000D19  00000E  000D27      1A32       0  CODE        2
                text9                          000D27  00000F  000D36      1A4E       0  CODE        2
                text5                          000D36  00006D  000DA3      1A6C       0  CODE        2
                text4                          000DA3  0000A5  000E48      1B46       0  CODE        2
                maintext                       000E48  0000A6  000EEE      1C90       0  CODE        2
                text3                          000EEE  000112  001000      1DDC       0  CODE        2
                config                         002007  000001  002008      400E       0  CONFIG      2


UNUSED ADDRESS RANGES

        Name                Unused          Largest block    Delta
        BANK1            00BC-00EF             34           1
        BANK2            0110-016F             60           1
        BANK3            0190-01EF             60           1
        CODE             0003-0004              2           2
                         0800-0D18            519
                         1000-1FFF            800
        CONST            0003-0004              2           2
                         0800-0D18            100
                         1000-1FFF            100
        EEDATA           2100-21FF            100           2
        ENTRY            0003-0004              2           2
                         0800-0D18            100
                         1000-1FFF            100
        IDLOC            2000-2003              4           2
        RAM              00BC-00EF             34           1
                         0110-016F             60
                         0190-01EF             60
        SFR0             0000-001F             20           1
        SFR1             0080-009F             20           1
        SFR2             0100-010F             10           1
        SFR3             0180-018F             10           1
        STACK            0110-016F             60           1
        STRCODE          0003-0004              2           2
                         0800-0D18            519
                         1000-1FFF           1000
        STRING           0003-0004              2           2
                         0800-0D18            100
                         1000-1FFF            100

                                  Symbol Table

?__Umul8_16                  cstackCOMMON 0070
?___adc_read                 cstackCOMMON 0070
?___fladd                    cstackBANK0  004F
?___fldiv                    cstackBANK0  0035
?___flmul                    cstackBANK0  0020
?___fltol                    cstackBANK0  0063
?___xxtofl                   cstackCOMMON 0076
_ADCON0bits                  (abs)        001F
_ADCON1bits                  (abs)        009F
_ADRESH                      (abs)        001E
_ADRESL                      (abs)        009E
_CCP1CONbits                 (abs)        0017
_CCPR1L                      (abs)        0015
_PR2                         (abs)        0092
_PWM_FREQ                    nvBANK1      00B6
_PWM_PERIOD                  nvBANK1      00B2
_T2CONbits                   (abs)        0012
_TRISCbits                   (abs)        0087
__CFG_BOREN$ON               (abs)        0000
__CFG_CP$OFF                 (abs)        0000
__CFG_CPD$OFF                (abs)        0000
__CFG_FOSC$HS                (abs)        0000
__CFG_LVP$OFF                (abs)        0000
__CFG_PWRTE$OFF              (abs)        0000
__CFG_WDTE$OFF               (abs)        0000
__CFG_WRT$OFF                (abs)        0000
__Habs1                      abs1         0000
__Hbank0                     bank0        0000
__Hbank1                     bank1        0000
__Hbank2                     bank2        0000
__Hbank3                     bank3        0000
__HbssBANK1                  bssBANK1     0000
__Hcinit                     cinit        0800
__Hclrtext                   clrtext      0000
__Hcode                      code         0000
__Hcommon                    common       0000
__Hconfig                    config       2008
__HcstackBANK0               cstackBANK0  0000
__HcstackBANK1               cstackBANK1  0000
__HcstackCOMMON              cstackCOMMON 0000
__Heeprom_data               eeprom_data  0000
__Hend_init                  end_init     0003
__Hfunctab                   functab      0000
__Hidloc                     idloc        0000
__Hinit                      init         0000
__Hintentry                  intentry     0000
__Hmaintext                  maintext     0000
__HnvBANK1                   nvBANK1      0000
__Hpowerup                   powerup      0000
__Hram                       ram          0000
__Hreset_vec                 reset_vec    0000
__Hsfr0                      sfr0         0000
__Hsfr1                      sfr1         0000
__Hsfr2                      sfr2         0000
__Hsfr3                      sfr3         0000
__Hspace_0                   (abs)        2008
__Hspace_1                   (abs)        00BC
__Hspace_2                   (abs)        0000
__Hspace_3                   (abs)        0000
__Hstack                     stack        0000
__Hstrings                   strings      0000
__Htext                      text         0000
__Labs1                      abs1         0000
__Lbank0                     bank0        0000
__Lbank1                     bank1        0000
__Lbank2                     bank2        0000
__Lbank3                     bank3        0000
__LbssBANK1                  bssBANK1     0000
__Lcinit                     cinit        07F8
__Lclrtext                   clrtext      0000
__Lcode                      code         0000
__Lcommon                    common       0000
__Lconfig                    config       2007
__LcstackBANK0               cstackBANK0  0000
__LcstackBANK1               cstackBANK1  0000
__LcstackCOMMON              cstackCOMMON 0000
__Leeprom_data               eeprom_data  0000
__Lend_init                  end_init     0000
__Lfunctab                   functab      0000
__Lidloc                     idloc        0000
__Linit                      init         0000
__Lintentry                  intentry     0000
__Lmaintext                  maintext     0000
__LnvBANK1                   nvBANK1      0000
__Lpowerup                   powerup      0000
__Lram                       ram          0000
__Lreset_vec                 reset_vec    0000
__Lsfr0                      sfr0         0000
__Lsfr1                      sfr1         0000
__Lsfr2                      sfr2         0000
__Lsfr3                      sfr3         0000
__Lspace_0                   (abs)        0000
__Lspace_1                   (abs)        0000
__Lspace_2                   (abs)        0000
__Lspace_3                   (abs)        0000
__Lstack                     stack        0000
__Lstrings                   strings      0000
__Ltext                      text         0000
__S0                         (abs)        2008
__S1                         (abs)        00BC
__S2                         (abs)        0000
__S3                         (abs)        0000
__Umul8_16                   text7        0005
__Umul8_16@multiplicand      cstackCOMMON 0070
__Umul8_16@multiplier        cstackCOMMON 0078
__Umul8_16@product           cstackCOMMON 0074
__Umul8_16@word_mpld         cstackCOMMON 0076
___adc_read                  text11       0028
___adc_read@adc_channel      cstackCOMMON 0070
___adc_read@adc_value        cstackCOMMON 0074
___fladd                     text2        02B4
___fladd@a                   cstackBANK0  0053
___fladd@aexp                cstackBANK0  0060
___fladd@b                   cstackBANK0  004F
___fladd@bexp                cstackBANK0  0061
___fladd@grs                 cstackBANK0  0062
___fladd@signs               cstackBANK0  005F
___fldiv                     text8        0111
___fldiv@a                   cstackBANK0  0035
___fldiv@aexp                cstackBANK0  004E
___fldiv@b                   cstackBANK0  0039
___fldiv@bexp                cstackBANK0  004D
___fldiv@grs                 cstackBANK0  0049
___fldiv@new_exp             cstackBANK0  0047
___fldiv@rem                 cstackBANK0  0042
___fldiv@sign                cstackBANK0  0046
___flmul                     text6        04E3
___flmul@a                   cstackBANK0  0024
___flmul@aexp                cstackBANK0  002D
___flmul@b                   cstackBANK0  0020
___flmul@bexp                cstackBANK0  002E
___flmul@grs                 cstackBANK0  0029
___flmul@prod                cstackBANK0  002F
___flmul@sign                cstackBANK0  0028
___flmul@temp                cstackBANK0  0033
___fltol                     text5        0D36
___fltol@exp1                cstackBANK0  006D
___fltol@f1                  cstackBANK0  0063
___fltol@sign1               cstackBANK0  006C
___init_adc                  text10       0D19
___init_pwm                  text9        0D27
___int_sp                    stack        0000
___latbits                   (abs)        0002
___set_duty_cycle            text3        0EEE
___set_duty_cycle@dc         cstackBANK1  00A2
___set_duty_cycle@dc_period  cstackBANK1  00A6
___set_duty_cycle@duty_cycle cstackBANK0  006E
___set_duty_cycle@reg_value  cstackBANK1  00AA
___set_pwm_freq              text1        004E
___set_pwm_freq@PR2_value    cstackBANK1  00A0
___set_pwm_freq@f            cstackBANK0  006E
___sp                        stack        0000
___stackhi                   (abs)        0000
___stacklo                   (abs)        0000
___xxtofl                    text4        0DA3
___xxtofl@arg                cstackBANK0  0022
___xxtofl@exp                cstackBANK0  0021
___xxtofl@sign               cstackBANK0  0020
___xxtofl@val                cstackCOMMON 0076
__end_of__Umul8_16           text7        0028
__end_of___adc_read          text11       004E
__end_of___fladd             text2        04E3
__end_of___fldiv             text8        02B4
__end_of___flmul             text6        07F8
__end_of___fltol             text5        0DA3
__end_of___init_adc          text10       0D27
__end_of___init_pwm          text9        0D36
__end_of___set_duty_cycle    text3        1000
__end_of___set_pwm_freq      text1        0111
__end_of___xxtofl            text4        0E48
__end_of__initialization     cinit        07FC
__end_of_main                maintext     0EEE
__initialization             cinit        07F8
__pbssBANK1                  bssBANK1     00BA
__pcstackBANK0               cstackBANK0  0020
__pcstackBANK1               cstackBANK1  00A0
__pcstackCOMMON              cstackCOMMON 0070
__pmaintext                  maintext     0E48
__pnvBANK1                   nvBANK1      00B2
__ptext1                     text1        004E
__ptext10                    text10       0D19
__ptext11                    text11       0028
__ptext2                     text2        02B4
__ptext3                     text3        0EEE
__ptext4                     text4        0DA3
__ptext5                     text5        0D36
__ptext6                     text6        04E3
__ptext7                     text7        0005
__ptext8                     text8        0111
__ptext9                     text9        0D27
__size_of__Umul8_16          (abs)        0000
__size_of___adc_read         (abs)        0000
__size_of___fladd            (abs)        0000
__size_of___fldiv            (abs)        0000
__size_of___flmul            (abs)        0000
__size_of___fltol            (abs)        0000
__size_of___init_adc         (abs)        0000
__size_of___init_pwm         (abs)        0000
__size_of___set_duty_cycle   (abs)        0000
__size_of___set_pwm_freq     (abs)        0000
__size_of___xxtofl           (abs)        0000
__size_of_main               (abs)        0000
_main                        maintext     0E48
btemp                        (abs)        007E
end_of_initialization        cinit        07FC
intlevel0                    functab      0000
intlevel1                    functab      0000
intlevel2                    functab      0000
intlevel3                    functab      0000
intlevel4                    functab      0000
intlevel5                    functab      0000
main@adc_value               cstackBANK1  00AC
main@pwm_value               cstackBANK1  00B0
reset_vec                    reset_vec    0000
start                        init         0000
start_initialization         cinit        07F8
wtemp0                       (abs)        007E


FUNCTION INFORMATION:

 *************** function _main *****************
 Defined at:
		line 90 in file "main.c"
 Parameters:    Size  Location     Type
		None
 Auto vars:     Size  Location     Type
  adc_value       4   12[BANK1 ] float 
  pwm_value       2   16[BANK1 ] int 
 Return value:  Size  Location     Type
                  1    wreg      void 
 Registers used:
		wreg, status,2, status,0, btemp+1, pclath, cstack
 Tracked objects:
		On entry : 
		On exit  : 
		Unchanged: 
 Data sizes:     COMMON   BANK0   BANK1   BANK3   BANK2
      Params:         0       0       0       0       0
      Locals:         0       0       6       0       0
      Temps:          0       0       0       0       0
      Totals:         0       0       6       0       0
Total ram usage:        6 bytes
 Hardware stack levels required when called:    3
 This function calls:
		___adc_read
		___fldiv
		___flmul
		___fltol
		___init_adc
		___init_pwm
		___set_duty_cycle
		___set_pwm_freq
		___xxtofl
 This function is called by:
		Startup code after reset
 This function uses a non-reentrant model


 *************** function ___set_pwm_freq *****************
 Defined at:
		line 60 in file "main.c"
 Parameters:    Size  Location     Type
  f               2   78[BANK0 ] int 
 Auto vars:     Size  Location     Type
  PR2_value       2    0[BANK1 ] int 
 Return value:  Size  Location     Type
                  1    wreg      void 
 Registers used:
		wreg, status,2, status,0, btemp+1, pclath, cstack
 Tracked objects:
		On entry : 
		On exit  : 
		Unchanged: 
 Data sizes:     COMMON   BANK0   BANK1   BANK3   BANK2
      Params:         0       2       0       0       0
      Locals:         0       0       2       0       0
      Temps:          0       0       0       0       0
      Totals:         0       2       2       0       0
Total ram usage:        4 bytes
 Hardware stack levels used:    1
 Hardware stack levels required when called:    2
 This function calls:
		___fladd
		___fldiv
		___flmul
		___fltol
		___xxtofl
 This function is called by:
		_main
 This function uses a non-reentrant model


 *************** function ___fladd *****************
 Defined at:
		line 10 in file "C:\Program Files (x86)\Microchip\xc8\v2.05\pic\sources\c90\common\sprcadd.c"
 Parameters:    Size  Location     Type
  b               4   47[BANK0 ] void 
  a               4   51[BANK0 ] void 
 Auto vars:     Size  Location     Type
  grs             1   66[BANK0 ] unsigned char 
  bexp            1   65[BANK0 ] unsigned char 
  aexp            1   64[BANK0 ] unsigned char 
  signs           1   63[BANK0 ] unsigned char 
 Return value:  Size  Location     Type
                  4   47[BANK0 ] unsigned char 
 Registers used:
		wreg, status,2, status,0, btemp+1
 Tracked objects:
		On entry : 
		On exit  : 
		Unchanged: 
 Data sizes:     COMMON   BANK0   BANK1   BANK3   BANK2
      Params:         0       8       0       0       0
      Locals:         0       4       0       0       0
      Temps:          0       8       0       0       0
      Totals:         0      20       0       0       0
Total ram usage:       20 bytes
 Hardware stack levels used:    1
 This function calls:
		Nothing
 This function is called by:
		___set_pwm_freq
 This function uses a non-reentrant model


 *************** function ___set_duty_cycle *****************
 Defined at:
		line 75 in file "main.c"
 Parameters:    Size  Location     Type
  duty_cycle      2   78[BANK0 ] int 
 Auto vars:     Size  Location     Type
  dc_period       4    6[BANK1 ] float 
  dc              4    2[BANK1 ] float 
  reg_value       2   10[BANK1 ] int 
 Return value:  Size  Location     Type
                  1    wreg      void 
 Registers used:
		wreg, status,2, status,0, btemp+1, pclath, cstack
 Tracked objects:
		On entry : 
		On exit  : 
		Unchanged: 
 Data sizes:     COMMON   BANK0   BANK1   BANK3   BANK2
      Params:         0       2       0       0       0
      Locals:         0       0      10       0       0
      Temps:          0       0       2       0       0
      Totals:         0       2      12       0       0
Total ram usage:       14 bytes
 Hardware stack levels used:    1
 Hardware stack levels required when called:    2
 This function calls:
		___fldiv
		___flmul
		___fltol
		___xxtofl
 This function is called by:
		_main
 This function uses a non-reentrant model


 *************** function ___xxtofl *****************
 Defined at:
		line 10 in file "C:\Program Files (x86)\Microchip\xc8\v2.05\pic\sources\c90\common\xxtofl.c"
 Parameters:    Size  Location     Type
  sign            1    wreg     unsigned char 
  val             4    6[COMMON] long 
 Auto vars:     Size  Location     Type
  sign            1    0[BANK0 ] unsigned char 
  arg             4    2[BANK0 ] unsigned long 
  exp             1    1[BANK0 ] unsigned char 
 Return value:  Size  Location     Type
                  4    6[COMMON] unsigned char 
 Registers used:
		wreg, status,2, status,0
 Tracked objects:
		On entry : 
		On exit  : 
		Unchanged: 
 Data sizes:     COMMON   BANK0   BANK1   BANK3   BANK2
      Params:         4       0       0       0       0
      Locals:         0       6       0       0       0
      Temps:          4       0       0       0       0
      Totals:         8       6       0       0       0
Total ram usage:       14 bytes
 Hardware stack levels used:    1
 This function calls:
		Nothing
 This function is called by:
		___set_pwm_freq
		___set_duty_cycle
		_main
 This function uses a non-reentrant model


 *************** function ___fltol *****************
 Defined at:
		line 43 in file "C:\Program Files (x86)\Microchip\xc8\v2.05\pic\sources\c90\common\fltol.c"
 Parameters:    Size  Location     Type
  f1              4   67[BANK0 ] unsigned char 
 Auto vars:     Size  Location     Type
  exp1            1   77[BANK0 ] unsigned char 
  sign1           1   76[BANK0 ] unsigned char 
 Return value:  Size  Location     Type
                  4   67[BANK0 ] long 
 Registers used:
		wreg, status,2, status,0
 Tracked objects:
		On entry : 
		On exit  : 
		Unchanged: 
 Data sizes:     COMMON   BANK0   BANK1   BANK3   BANK2
      Params:         0       4       0       0       0
      Locals:         0       2       0       0       0
      Temps:          0       5       0       0       0
      Totals:         0      11       0       0       0
Total ram usage:       11 bytes
 Hardware stack levels used:    1
 This function calls:
		Nothing
 This function is called by:
		___set_pwm_freq
		___set_duty_cycle
		_main
 This function uses a non-reentrant model


 *************** function ___flmul *****************
 Defined at:
		line 8 in file "C:\Program Files (x86)\Microchip\xc8\v2.05\pic\sources\c90\common\sprcmul.c"
 Parameters:    Size  Location     Type
  b               4    0[BANK0 ] long 
  a               4    4[BANK0 ] long 
 Auto vars:     Size  Location     Type
  prod            4   15[BANK0 ] struct .
  grs             4    9[BANK0 ] unsigned long 
  temp            2   19[BANK0 ] struct .
  bexp            1   14[BANK0 ] unsigned char 
  aexp            1   13[BANK0 ] unsigned char 
  sign            1    8[BANK0 ] unsigned char 
 Return value:  Size  Location     Type
                  4    0[BANK0 ] unsigned char 
 Registers used:
		wreg, status,2, status,0, btemp+1, pclath, cstack
 Tracked objects:
		On entry : 
		On exit  : 
		Unchanged: 
 Data sizes:     COMMON   BANK0   BANK1   BANK3   BANK2
      Params:         0       8       0       0       0
      Locals:         0      13       0       0       0
      Temps:          5       0       0       0       0
      Totals:         5      21       0       0       0
Total ram usage:       26 bytes
 Hardware stack levels used:    1
 Hardware stack levels required when called:    1
 This function calls:
		__Umul8_16
 This function is called by:
		___set_pwm_freq
		___set_duty_cycle
		_main
 This function uses a non-reentrant model


 *************** function __Umul8_16 *****************
 Defined at:
		line 4 in file "C:\Program Files (x86)\Microchip\xc8\v2.05\pic\sources\c90\common\Umul8_16.c"
 Parameters:    Size  Location     Type
  multiplier      1    wreg     unsigned char 
  multiplicand    1    0[COMMON] unsigned char 
 Auto vars:     Size  Location     Type
  multiplier      1    8[COMMON] unsigned char 
  word_mpld       2    6[COMMON] unsigned int 
  product         2    4[COMMON] unsigned int 
 Return value:  Size  Location     Type
                  2    0[COMMON] unsigned int 
 Registers used:
		wreg, status,2, status,0
 Tracked objects:
		On entry : 
		On exit  : 
		Unchanged: 
 Data sizes:     COMMON   BANK0   BANK1   BANK3   BANK2
      Params:         2       0       0       0       0
      Locals:         5       0       0       0       0
      Temps:          2       0       0       0       0
      Totals:         9       0       0       0       0
Total ram usage:        9 bytes
 Hardware stack levels used:    1
 This function calls:
		Nothing
 This function is called by:
		___flmul
 This function uses a non-reentrant model


 *************** function ___fldiv *****************
 Defined at:
		line 8 in file "C:\Program Files (x86)\Microchip\xc8\v2.05\pic\sources\c90\common\sprcdiv.c"
 Parameters:    Size  Location     Type
  a               4   21[BANK0 ] unsigned int 
  b               4   25[BANK0 ] unsigned int 
 Auto vars:     Size  Location     Type
  grs             4   41[BANK0 ] unsigned long 
  rem             4   34[BANK0 ] unsigned long 
  new_exp         2   39[BANK0 ] int 
  aexp            1   46[BANK0 ] unsigned char 
  bexp            1   45[BANK0 ] unsigned char 
  sign            1   38[BANK0 ] unsigned char 
 Return value:  Size  Location     Type
                  4   21[BANK0 ] unsigned char 
 Registers used:
		wreg, status,2, status,0, btemp+1
 Tracked objects:
		On entry : 
		On exit  : 
		Unchanged: 
 Data sizes:     COMMON   BANK0   BANK1   BANK3   BANK2
      Params:         0       8       0       0       0
      Locals:         0      13       0       0       0
      Temps:          0       5       0       0       0
      Totals:         0      26       0       0       0
Total ram usage:       26 bytes
 Hardware stack levels used:    1
 This function calls:
		Nothing
 This function is called by:
		___set_pwm_freq
		___set_duty_cycle
		_main
 This function uses a non-reentrant model


 *************** function ___init_pwm *****************
 Defined at:
		line 68 in file "main.c"
 Parameters:    Size  Location     Type
		None
 Auto vars:     Size  Location     Type
		None
 Return value:  Size  Location     Type
                  1    wreg      void 
 Registers used:
		wreg, status,2, status,0
 Tracked objects:
		On entry : 
		On exit  : 
		Unchanged: 
 Data sizes:     COMMON   BANK0   BANK1   BANK3   BANK2
      Params:         0       0       0       0       0
      Locals:         0       0       0       0       0
      Temps:          0       0       0       0       0
      Totals:         0       0       0       0       0
Total ram usage:        0 bytes
 Hardware stack levels used:    1
 This function calls:
		Nothing
 This function is called by:
		_main
 This function uses a non-reentrant model


 *************** function ___init_adc *****************
 Defined at:
		line 19 in file "main.c"
 Parameters:    Size  Location     Type
		None
 Auto vars:     Size  Location     Type
		None
 Return value:  Size  Location     Type
                  1    wreg      void 
 Registers used:
		wreg, status,2, status,0
 Tracked objects:
		On entry : 
		On exit  : 
		Unchanged: 
 Data sizes:     COMMON   BANK0   BANK1   BANK3   BANK2
      Params:         0       0       0       0       0
      Locals:         0       0       0       0       0
      Temps:          0       0       0       0       0
      Totals:         0       0       0       0       0
Total ram usage:        0 bytes
 Hardware stack levels used:    1
 This function calls:
		Nothing
 This function is called by:
		_main
 This function uses a non-reentrant model


 *************** function ___adc_read *****************
 Defined at:
		line 47 in file "main.c"
 Parameters:    Size  Location     Type
  adc_channel     2    0[COMMON] int 
 Auto vars:     Size  Location     Type
  adc_value       2    4[COMMON] int 
 Return value:  Size  Location     Type
                  2    0[COMMON] int 
 Registers used:
		wreg, status,2, status,0
 Tracked objects:
		On entry : 
		On exit  : 
		Unchanged: 
 Data sizes:     COMMON   BANK0   BANK1   BANK3   BANK2
      Params:         2       0       0       0       0
      Locals:         2       0       0       0       0
      Temps:          2       0       0       0       0
      Totals:         6       0       0       0       0
Total ram usage:        6 bytes
 Hardware stack levels used:    1
 This function calls:
		Nothing
 This function is called by:
		_main
 This function uses a non-reentrant model



MODULE INFORMATION

Module		Function		Class		Link	Load	Size
C:\Program Files (x86)\Microchip\xc8\v2.05\pic\sources\c90\common\sprcadd.c
		___fladd       		CODE           	02B4	0000	560

C:\Program Files (x86)\Microchip\xc8\v2.05\pic\sources\c90\common\sprcadd.c estimated size: 560

C:\Program Files (x86)\Microchip\xc8\v2.05\pic\sources\c90\common\fltol.c
		___fltol       		CODE           	0D36	0000	110

C:\Program Files (x86)\Microchip\xc8\v2.05\pic\sources\c90\common\fltol.c estimated size: 110

shared
		__initialization		CODE           	07F8	0000	5

shared estimated size: 5

C:\Program Files (x86)\Microchip\xc8\v2.05\pic\sources\c90\common\sprcmul.c
		___flmul       		CODE           	04E3	0000	790

C:\Program Files (x86)\Microchip\xc8\v2.05\pic\sources\c90\common\sprcmul.c estimated size: 790

C:\Program Files (x86)\Microchip\xc8\v2.05\pic\sources\c90\common\sprcdiv.c
		___fldiv       		CODE           	0111	0000	420

C:\Program Files (x86)\Microchip\xc8\v2.05\pic\sources\c90\common\sprcdiv.c estimated size: 420

C:\Program Files (x86)\Microchip\xc8\v2.05\pic\sources\c90\common\Umul8_16.c
		__Umul8_16     		CODE           	0005	0000	36

C:\Program Files (x86)\Microchip\xc8\v2.05\pic\sources\c90\common\Umul8_16.c estimated size: 36

C:\Program Files (x86)\Microchip\xc8\v2.05\pic\sources\c90\common\xxtofl.c
		___xxtofl      		CODE           	0DA3	0000	166

C:\Program Files (x86)\Microchip\xc8\v2.05\pic\sources\c90\common\xxtofl.c estimated size: 166

main.c
		___adc_read    		CODE           	0028	0000	39
		_main          		CODE           	0E48	0000	167
		___set_duty_cycle		CODE           	0EEE	0000	275
		___init_adc    		CODE           	0D19	0000	15
		___init_pwm    		CODE           	0D27	0000	16
		___set_pwm_freq		CODE           	004E	0000	196

main.c estimated size: 708

